== Matched Lines (Side-by-Side) ==
Old Line 1 ↔ New Line 1
Old: import java.util.Arrays;
New: import java.util.Arrays;
-----------------------------------------------------
Old Line 2 ↔ New Line 2
Old: 
New: 
-----------------------------------------------------
[RENAMED] Old Line 3 ↔ New Line 3
Old: public class ArraySorter1 {
New: public class ArraySorter2 {
-----------------------------------------------------
Old Line 4 ↔ New Line 4
Old: 
New: 
-----------------------------------------------------
[RENAMED] Old Line 5 ↔ New Line 5
Old:     public void sortArray(int[] numbers) {
New:     public void arrange(int[] data) {
-----------------------------------------------------
[RENAMED] Old Line 6 ↔ New Line 6
Old:         Arrays.sort(numbers);
New:         Arrays.sort(data);
-----------------------------------------------------
Old Line 7 ↔ New Line 7
Old:     }
New:     }
-----------------------------------------------------
Old Line 8 ↔ New Line 8
Old: }
New: }
-----------------------------------------------------

== Deleted Lines (Old but not in New) ==

== Inserted Lines (New but not in Old) ==

== Summary ==
Matched Lines: 8
Deleted Lines: 0
Inserted Lines: 0
