== Matched Lines (Side-by-Side) ==
[RENAMED] Old Line 1 ↔ New Line 1
Old: public class CounterIncrementer1 {
New: public class CounterIncrementer2 {
-----------------------------------------------------
Old Line 2 ↔ New Line 2
Old: 
New: 
-----------------------------------------------------
[RENAMED] Old Line 3 ↔ New Line 3
Old:     public int increment(int value) {
New:     public int addOne(int number) {
-----------------------------------------------------
[RENAMED] Old Line 4 ↔ New Line 4
Old:         return value + 1;
New:         int result = number;
-----------------------------------------------------
Old Line 5 ↔ New Line 7
Old:     }
New:     }
-----------------------------------------------------
Old Line 6 ↔ New Line 8
Old: }
New: }
-----------------------------------------------------

== Deleted Lines (Old but not in New) ==

== Inserted Lines (New but not in Old) ==
New Line 5:         result++;
New Line 6:         return result;

== Summary ==
Matched Lines: 6
Deleted Lines: 0
Inserted Lines: 2
