== Matched Lines (Side-by-Side) ==
[RENAMED] Old Line 1 ↔ New Line 1
Old: public class LoggerUtil1 {
New: public class LoggerUtil2 {
-----------------------------------------------------
Old Line 2 ↔ New Line 2
Old: 
New: 
-----------------------------------------------------
[RENAMED] Old Line 3 ↔ New Line 3
Old:     public void info(String message) {
New:     public void logInfo(String msg) {
-----------------------------------------------------
[RENAMED] Old Line 4 ↔ New Line 4
Old:         System.out.println("[INFO]: " + message);
New:         System.out.println("INFO: " + msg);
-----------------------------------------------------
Old Line 5 ↔ New Line 5
Old:     }
New:     }
-----------------------------------------------------
Old Line 6 ↔ New Line 6
Old: 
New: 
-----------------------------------------------------
[RENAMED] Old Line 7 ↔ New Line 7
Old:     public void warn(String message) {
New:     public void logWarning(String msg) {
-----------------------------------------------------
[RENAMED] Old Line 8 ↔ New Line 8
Old:         System.out.println("[WARN]: " + message);
New:         System.out.println("WARNING: " + msg);
-----------------------------------------------------
Old Line 9 ↔ New Line 9
Old:     }
New:     }
-----------------------------------------------------
Old Line 10 ↔ New Line 10
Old: 
New: 
-----------------------------------------------------
[RENAMED] Old Line 11 ↔ New Line 11
Old:     public void error(String message) {
New:     public void logError(String msg) {
-----------------------------------------------------
[RENAMED] Old Line 12 ↔ New Line 12
Old:         System.out.println("[ERROR]: " + message);
New:         System.out.println("ERROR: " + msg);
-----------------------------------------------------
Old Line 13 ↔ New Line 13
Old:     }
New:     }
-----------------------------------------------------
Old Line 14 ↔ New Line 14
Old: }
New: }
-----------------------------------------------------

== Deleted Lines (Old but not in New) ==

== Inserted Lines (New but not in Old) ==

== Summary ==
Matched Lines: 14
Deleted Lines: 0
Inserted Lines: 0
