== Matched Lines (Side-by-Side) ==
[RENAMED] Old Line 1 ↔ New Line 1
Old: public class EmployeeRecord1 {
New: public class EmployeeRecord2 {
-----------------------------------------------------
Old Line 2 ↔ New Line 2
Old: 
New: 
-----------------------------------------------------
[RENAMED] Old Line 3 ↔ New Line 3
Old:     public void displayEmployee(String name, int id) {
New:     public void printEmployeeDetails(String employeeName, int employeeId) {
-----------------------------------------------------
[RENAMED] Old Line 4 ↔ New Line 4
Old:         System.out.println("Name: " + name + ", ID: " + id);
New:         System.out.println("Name: " + employeeName + ", ID: " + employeeId);
-----------------------------------------------------
Old Line 5 ↔ New Line 5
Old:     }
New:     }
-----------------------------------------------------
Old Line 6 ↔ New Line 6
Old: }
New: }
-----------------------------------------------------

== Deleted Lines (Old but not in New) ==

== Inserted Lines (New but not in Old) ==

== Summary ==
Matched Lines: 6
Deleted Lines: 0
Inserted Lines: 0
