== Matched Lines (Side-by-Side) ==
Old Line 1 ↔ New Line 9
Old: import java.io.BufferedReader;
New:             System.out.println(currentLine);
-----------------------------------------------------
Old Line 2 ↔ New Line 1
Old: import java.io.FileReader;
New: import java.io.*;
-----------------------------------------------------
Old Line 3 ↔ New Line 3
Old: import java.io.IOException;
New: public class FileReaderUtil2 {
-----------------------------------------------------
Old Line 4 ↔ New Line 2
Old: 
New: 
-----------------------------------------------------
Old Line 5 ↔ New Line 7
Old: public class FileReaderUtil1 {
New:         String currentLine;
-----------------------------------------------------
Old Line 6 ↔ New Line 4
Old: 
New: 
-----------------------------------------------------
[RENAMED] Old Line 7 ↔ New Line 5
Old:     public void readFile(String path) throws IOException {
New:     public void loadFile(String filename) throws IOException {
-----------------------------------------------------
[RENAMED] Old Line 8 ↔ New Line 6
Old:         BufferedReader br = new BufferedReader(new FileReader(path));
New:         BufferedReader reader = new BufferedReader(new FileReader(filename));
-----------------------------------------------------
Old Line 9 ↔ New Line 11
Old:         String line;
New:         reader.close();
-----------------------------------------------------
[RENAMED] Old Line 10 ↔ New Line 8
Old:         while ((line = br.readLine()) != null) {
New:         while ((currentLine = reader.readLine()) != null) {
-----------------------------------------------------
Old Line 12 ↔ New Line 10
Old:         }
New:         }
-----------------------------------------------------
Old Line 14 ↔ New Line 12
Old:     }
New:     }
-----------------------------------------------------
Old Line 15 ↔ New Line 13
Old: }
New: }
-----------------------------------------------------

== Deleted Lines (Old but not in New) ==
Old Line 11:             System.out.println(line);
Old Line 13:         br.close();

== Inserted Lines (New but not in Old) ==

== Summary ==
Matched Lines: 13
Deleted Lines: 2
Inserted Lines: 0
