== Matched Lines (Side-by-Side) ==
[RENAMED] Old Line 1 ↔ New Line 1
Old: public class MathHelper1 {
New: public class MathHelper2 {
-----------------------------------------------------
Old Line 2 ↔ New Line 2
Old: 
New: 
-----------------------------------------------------
[RENAMED] Old Line 3 ↔ New Line 3
Old:     public int square(int x) {
New:     public int powerOfTwo(int number) {
-----------------------------------------------------
[RENAMED] Old Line 4 ↔ New Line 4
Old:         return x * x;
New:         return number * number;
-----------------------------------------------------
Old Line 5 ↔ New Line 5
Old:     }
New:     }
-----------------------------------------------------
Old Line 6 ↔ New Line 6
Old: 
New: 
-----------------------------------------------------
[RENAMED] Old Line 7 ↔ New Line 7
Old:     public int cube(int x) {
New:     public int powerOfThree(int number) {
-----------------------------------------------------
[RENAMED] Old Line 8 ↔ New Line 8
Old:         return x * x * x;
New:         return number * number * number;
-----------------------------------------------------
Old Line 9 ↔ New Line 9
Old:     }
New:     }
-----------------------------------------------------
Old Line 10 ↔ New Line 10
Old: }
New: }
-----------------------------------------------------

== Deleted Lines (Old but not in New) ==

== Inserted Lines (New but not in Old) ==

== Summary ==
Matched Lines: 10
Deleted Lines: 0
Inserted Lines: 0
